{
  "version": "1.5.0",
  "plugins_used": [
    {
      "name": "ArtifactoryDetector"
    },
    {
      "name": "AWSKeyDetector"
    },
    {
      "name": "AzureStorageKeyDetector"
    },
    {
      "name": "Base64HighEntropyString",
      "limit": 4.5
    },
    {
      "name": "BasicAuthDetector"
    },
    {
      "name": "CloudantDetector"
    },
    {
      "name": "DiscordBotTokenDetector"
    },
    {
      "name": "GitHubTokenDetector"
    },
    {
      "name": "GitLabTokenDetector"
    },
    {
      "name": "HexHighEntropyString",
      "limit": 3.0
    },
    {
      "name": "IbmCloudIamDetector"
    },
    {
      "name": "IbmCosHmacDetector"
    },
    {
      "name": "IPPublicDetector"
    },
    {
      "name": "JwtTokenDetector"
    },
    {
      "name": "KeywordDetector",
      "keyword_exclude": ""
    },
    {
      "name": "MailchimpDetector"
    },
    {
      "name": "NpmDetector"
    },
    {
      "name": "OpenAIDetector"
    },
    {
      "name": "PrivateKeyDetector"
    },
    {
      "name": "PypiTokenDetector"
    },
    {
      "name": "SendGridDetector"
    },
    {
      "name": "SlackDetector"
    },
    {
      "name": "SoftlayerDetector"
    },
    {
      "name": "SquareOAuthDetector"
    },
    {
      "name": "StripeDetector"
    },
    {
      "name": "TelegramBotTokenDetector"
    },
    {
      "name": "TwilioKeyDetector"
    }
  ],
  "filters_used": [
    {
      "path": "detect_secrets.filters.allowlist.is_line_allowlisted"
    },
    {
      "path": "detect_secrets.filters.common.is_baseline_file",
      "filename": ".secrets.baseline"
    },
    {
      "path": "detect_secrets.filters.common.is_ignored_due_to_verification_policies",
      "min_level": 2
    },
    {
      "path": "detect_secrets.filters.heuristic.is_indirect_reference"
    },
    {
      "path": "detect_secrets.filters.heuristic.is_likely_id_string"
    },
    {
      "path": "detect_secrets.filters.heuristic.is_lock_file"
    },
    {
      "path": "detect_secrets.filters.heuristic.is_not_alphanumeric_string"
    },
    {
      "path": "detect_secrets.filters.heuristic.is_potential_uuid"
    },
    {
      "path": "detect_secrets.filters.heuristic.is_prefixed_with_dollar_sign"
    },
    {
      "path": "detect_secrets.filters.heuristic.is_sequential_string"
    },
    {
      "path": "detect_secrets.filters.heuristic.is_swagger_file"
    },
    {
      "path": "detect_secrets.filters.heuristic.is_templated_secret"
    }
  ],
  "results": {
    "IDE/launch.json": [
      {
        "type": "Secret Keyword",
        "filename": "IDE/launch.json",
        "hashed_secret": "c73aff9882b11b018e0dffd9aff1f292e94da921",
        "is_verified": false,
        "line_number": 42,
        "is_secret": false
      },
      {
        "type": "Secret Keyword",
        "filename": "IDE/launch.json",
        "hashed_secret": "e6ddb35d79dad20907f2fbcf887bb7bd43a39b14",
        "is_verified": false,
        "line_number": 45,
        "is_secret": false
      },
      {
        "type": "Secret Keyword",
        "filename": "IDE/launch.json",
        "hashed_secret": "5baa61e4c9b93f3f0682250b6cf8331b7ee68fd8",
        "is_verified": false,
        "line_number": 53,
        "is_secret": false
      }
    ],
    "docker/docker-compose.dev.yml": [
      {
        "type": "Secret Keyword",
        "filename": "docker/docker-compose.dev.yml",
        "hashed_secret": "c73aff9882b11b018e0dffd9aff1f292e94da921",
        "is_verified": false,
        "line_number": 32,
        "is_secret": false
      }
    ],
    "docker/docker-compose.e2e.yml": [
      {
        "type": "Secret Keyword",
        "filename": "docker/docker-compose.e2e.yml",
        "hashed_secret": "c73aff9882b11b018e0dffd9aff1f292e94da921",
        "is_verified": false,
        "line_number": 24,
        "is_secret": false
      }
    ],
    "docker/docker-compose.test.yml": [
      {
        "type": "Secret Keyword",
        "filename": "docker/docker-compose.test.yml",
        "hashed_secret": "c73aff9882b11b018e0dffd9aff1f292e94da921",
        "is_verified": false,
        "line_number": 6,
        "is_secret": false
      }
    ],
    "src/application/modules/auth/jwt_auth_otp.go": [
      {
        "type": "Secret Keyword",
        "filename": "src/application/modules/auth/jwt_auth_otp.go",
        "hashed_secret": "a70f8ce61c9650f95b5df242c53533f043984721",
        "is_verified": false,
        "line_number": 61,
        "is_secret": false
      }
    ],
    "src/application/modules/auth/jwt_auth_test.go": [
      {
        "type": "Secret Keyword",
        "filename": "src/application/modules/auth/jwt_auth_test.go",
        "hashed_secret": "88c53fb4c5b8f509e37d0c6aed827bf534a29370",
        "is_verified": false,
        "line_number": 38,
        "is_secret": false
      }
    ],
    "src/application/modules/password/use_cases/create_password_test.go": [
      {
        "type": "Secret Keyword",
        "filename": "src/application/modules/password/use_cases/create_password_test.go",
        "hashed_secret": "b51933aa72b8b261e8d1de75c71b4c527b727186",
        "is_verified": false,
        "line_number": 28,
        "is_secret": false
      },
      {
        "type": "Secret Keyword",
        "filename": "src/application/modules/password/use_cases/create_password_test.go",
        "hashed_secret": "6e97ccff46f35143176691952a87d437df71f9be",
        "is_verified": false,
        "line_number": 37,
        "is_secret": false
      }
    ],
    "src/application/modules/password/use_cases/create_password_token.go": [
      {
        "type": "Secret Keyword",
        "filename": "src/application/modules/password/use_cases/create_password_token.go",
        "hashed_secret": "b51933aa72b8b261e8d1de75c71b4c527b727186",
        "is_verified": false,
        "line_number": 70,
        "is_secret": false
      }
    ],
    "src/application/modules/user/use_cases/create_user_password_test.go": [
      {
        "type": "Secret Keyword",
        "filename": "src/application/modules/user/use_cases/create_user_password_test.go",
        "hashed_secret": "265608614ef9078042e550cb932a975b5e0db2cb",
        "is_verified": false,
        "line_number": 33,
        "is_secret": false
      },
      {
        "type": "Secret Keyword",
        "filename": "src/application/modules/user/use_cases/create_user_password_test.go",
        "hashed_secret": "bda1d4fa930ec70a11f34357a1f27fffba79840f",
        "is_verified": false,
        "line_number": 40,
        "is_secret": false
      },
      {
        "type": "Secret Keyword",
        "filename": "src/application/modules/user/use_cases/create_user_password_test.go",
        "hashed_secret": "f409ce90a1cd144912d1df8620215b2dc9fda731",
        "is_verified": false,
        "line_number": 41,
        "is_secret": false
      }
    ],
    "src/application/shared/DTOs/password_test.go": [
      {
        "type": "Secret Keyword",
        "filename": "src/application/shared/DTOs/password_test.go",
        "hashed_secret": "d24420a52845d9345cd707b59f49d12966acc2ab",
        "is_verified": false,
        "line_number": 21,
        "is_secret": false
      }
    ],
    "src/application/shared/defaults/password.go": [
      {
        "type": "Secret Keyword",
        "filename": "src/application/shared/defaults/password.go",
        "hashed_secret": "d12f7bb8ff52598a9448c89415625379fbba1d6d",
        "is_verified": false,
        "line_number": 8,
        "is_secret": false
      }
    ],
    "src/application/shared/mocks/dtos/one_time_password.go": [
      {
        "type": "Secret Keyword",
        "filename": "src/application/shared/mocks/dtos/one_time_password.go",
        "hashed_secret": "dc61a07294d3ac7f7547e57b8a4424c29ad9b962",
        "is_verified": false,
        "line_number": 11,
        "is_secret": false
      },
      {
        "type": "Secret Keyword",
        "filename": "src/application/shared/mocks/dtos/one_time_password.go",
        "hashed_secret": "a277e4d921dbfa8bffd8a3fed70afa2329dc62f4",
        "is_verified": false,
        "line_number": 19,
        "is_secret": false
      },
      {
        "type": "Secret Keyword",
        "filename": "src/application/shared/mocks/dtos/one_time_password.go",
        "hashed_secret": "6de90305eae21d767f3edc13d957d3fed100ba14",
        "is_verified": false,
        "line_number": 23,
        "is_secret": false
      }
    ],
    "src/application/shared/mocks/dtos/password.go": [
      {
        "type": "Secret Keyword",
        "filename": "src/application/shared/mocks/dtos/password.go",
        "hashed_secret": "88c53fb4c5b8f509e37d0c6aed827bf534a29370",
        "is_verified": false,
        "line_number": 8,
        "is_secret": false
      },
      {
        "type": "Secret Keyword",
        "filename": "src/application/shared/mocks/dtos/password.go",
        "hashed_secret": "d12f7bb8ff52598a9448c89415625379fbba1d6d",
        "is_verified": false,
        "line_number": 15,
        "is_secret": false
      }
    ],
    "src/application/shared/mocks/dtos/user.go": [
      {
        "type": "Secret Keyword",
        "filename": "src/application/shared/mocks/dtos/user.go",
        "hashed_secret": "265608614ef9078042e550cb932a975b5e0db2cb",
        "is_verified": false,
        "line_number": 20,
        "is_secret": false
      }
    ],
    "src/application/shared/services/create_password.go": [
      {
        "type": "Secret Keyword",
        "filename": "src/application/shared/services/create_password.go",
        "hashed_secret": "6e97ccff46f35143176691952a87d437df71f9be",
        "is_verified": false,
        "line_number": 20,
        "is_secret": false
      }
    ],
    "src/domain/models/one_time_password.go": [
      {
        "type": "Secret Keyword",
        "filename": "src/domain/models/one_time_password.go",
        "hashed_secret": "2736fab291f04e69b62d490c3c09361f5b82461a",
        "is_verified": false,
        "line_number": 8,
        "is_secret": false
      }
    ],
    "src/infrastructure/handlers/auth.go": [
      {
        "type": "Secret Keyword",
        "filename": "src/infrastructure/handlers/auth.go",
        "hashed_secret": "bb0e9d77393f885e7b190efc187774a07a82fa67",
        "is_verified": false,
        "line_number": 102,
        "is_secret": false
      },
      {
        "type": "Secret Keyword",
        "filename": "src/infrastructure/handlers/auth.go",
        "hashed_secret": "8d00d72ccf3b0a59c098452bd672e4f3902b08d6",
        "is_verified": false,
        "line_number": 109,
        "is_secret": false
      }
    ],
    "src/infrastructure/handlers/user.go": [
      {
        "type": "Secret Keyword",
        "filename": "src/infrastructure/handlers/user.go",
        "hashed_secret": "af68929c26cee7095d63ca7204f8095106cb1f53",
        "is_verified": false,
        "line_number": 198,
        "is_secret": false
      }
    ],
    "src/infrastructure/providers/email_provider.go": [
      {
        "type": "Secret Keyword",
        "filename": "src/infrastructure/providers/email_provider.go",
        "hashed_secret": "5baa61e4c9b93f3f0682250b6cf8331b7ee68fd8",
        "is_verified": false,
        "line_number": 28,
        "is_secret": false
      }
    ],
    "src/infrastructure/providers/hash_provider_test.go": [
      {
        "type": "Secret Keyword",
        "filename": "src/infrastructure/providers/hash_provider_test.go",
        "hashed_secret": "305a9608085f2d7368a40e8a8d516adc9e9b3a89",
        "is_verified": false,
        "line_number": 15,
        "is_secret": false
      },
      {
        "type": "Secret Keyword",
        "filename": "src/infrastructure/providers/hash_provider_test.go",
        "hashed_secret": "195837ee2ee071e00ecbcebb8af3ecacb3ffbbca",
        "is_verified": false,
        "line_number": 29,
        "is_secret": false
      },
      {
        "type": "Secret Keyword",
        "filename": "src/infrastructure/providers/hash_provider_test.go",
        "hashed_secret": "87d210538e11c85bba4489bfe456984c803fa0c6",
        "is_verified": false,
        "line_number": 52,
        "is_secret": false
      }
    ],
    "src/infrastructure/repositories/user.go": [
      {
        "type": "Secret Keyword",
        "filename": "src/infrastructure/repositories/user.go",
        "hashed_secret": "d12f7bb8ff52598a9448c89415625379fbba1d6d",
        "is_verified": false,
        "line_number": 34,
        "is_secret": false
      },
      {
        "type": "Secret Keyword",
        "filename": "src/infrastructure/repositories/user.go",
        "hashed_secret": "0919018e41163e35fdd3bf521d9c72177b94f83b",
        "is_verified": false,
        "line_number": 42,
        "is_secret": false
      }
    ],
    "tests/integration/one_time_password_test.go": [
      {
        "type": "Secret Keyword",
        "filename": "tests/integration/one_time_password_test.go",
        "hashed_secret": "1ed8cf3139e6e87777735ad67b970fee7c0d2863",
        "is_verified": false,
        "line_number": 24,
        "is_secret": false
      }
    ],
    "tests/integration/password_repository_test.go": [
      {
        "type": "Secret Keyword",
        "filename": "tests/integration/password_repository_test.go",
        "hashed_secret": "4f5798ee59e47ee43d4a7d407741e60144bb0ab7",
        "is_verified": false,
        "line_number": 42,
        "is_secret": false
      }
    ]
  },
  "generated_at": "2025-09-10T05:01:37Z"
}
